{"uuid":"a1b2c3d4-e5f6-7890-abcd-ef1234567890","size":1258000,"filename":"photo.jpg","mime_type":"image/jpeg","is_image":true,"is_stored":true,"is_ready":true,"datetime_uploaded":"2026-03-01T10:00:00Z","datetime_stored":"2026-03-01T10:00:01Z","datetime_removed":null,"url":"https://api.uploadcare.com/files/a1b2c3d4-e5f6-7890-abcd-ef1234567890/","original_file_url":"https://ucarecdn.com/a1b2c3d4-e5f6-7890-abcd-ef1234567890/","metadata":{"key":"value"}}
