UUID:        a1b2c3d4-e5f6-7890-abcd-ef1234567890
Filename:    photo.jpg
Size:        1258000
MIME Type:   image/jpeg
Image:       true
Stored:      true
Ready:       true
Uploaded:    2026-03-01T10:00:00Z
Stored At:   2026-03-01T10:00:01Z
URL:         https://ucarecdn.com/a1b2c3d4-e5f6-7890-abcd-ef1234567890/
